­ƒº¬ Testing Manus AI Integration...
Provider: manus
Model: manus-1.6-lite
­ƒñû Calling AI Provider: manus (manus-1.6-lite)
node.exe : ÔØî Test 
failed: Error: manus 
API Error: 404 - Not 
Found
Au caractère Ligne:1 
: 1
+ & "C:\Program Files\
nodejs/node.exe" 
"C:\Program 
Files\nodejs/node_mo 
...
+ ~~~~~~~~~~~~~~~~~~~~
~~~~~~~~~~~~~~~~~~~~~~
~~~~~~~~~~~~~~~~~~~~~~
~~~~~
    + CategoryInfo    
          : NotSpeci  
  fied: (ÔØî Test f   
 ailed...404 - Not    
 Found:String) []    
, RemoteException
    + FullyQualifiedE 
   rrorId : NativeCo  
  mmandError
 

    at callAI (C:\User
s\User\Desktop\attesta
tion\backend\src\utils
\aiConfig.ts:77:15)
    at processTicksAnd
Rejections (node:inter
nal/process/task_queue
s:103:5)
    at async 
testManus (C:\Users\Us
er\Desktop\attestation
\backend\src\test-manu
s.ts:20:26)
